........................................................................ [  6%]
........................................................................ [ 13%]
.............................................................ss......... [ 20%]
........................................................................ [ 27%]
........................................................................ [ 34%]
........................................................................ [ 41%]
........................................................................ [ 48%]
.............................................xx......................... [ 55%]
.........x....xx........................................................ [ 62%]
........................................................................ [ 69%]
................................ss...................................... [ 76%]
........................................................................ [ 83%]
..........................xxxxxxx....................................... [ 90%]
........................................................................ [ 97%]
.............................                                            [100%]
=============================== warnings summary ===============================
../../../Users/dan_personal/Projects/crude-tanker-fv/.venv/lib/python3.9/site-packages/urllib3/__init__.py:35
  /Users/dan_personal/Projects/crude-tanker-fv/.venv/lib/python3.9/site-packages/urllib3/__init__.py:35: NotOpenSSLWarning: urllib3 v2 only supports OpenSSL 1.1.1+, currently the 'ssl' module is compiled with 'LibreSSL 2.8.3'. See: https://github.com/urllib3/urllib3/issues/3020
    warnings.warn(

-- Docs: https://docs.pytest.org/en/stable/how-to/capture-warnings.html
1021 passed, 4 skipped, 12 xfailed, 1 warning in 270.48s (0:04:30)
